// Jest Snapshot v1, https://goo.gl/fbAQLP

exports[`Profile Screen should be able to render profile screen correctly 1`] = `
<View
  style={
    {
      "alignItems": "center",
      "backgroundColor": "#121214",
      "flex": 1,
      "gap": 20,
      "justifyContent": "center",
      "paddingHorizontal": 20,
    }
  }
>
  <Image
    source={
      {
        "uri": "https://static.vecteezy.com/ti/vetor-gratis/p1/23402465-homem-avatar-gratis-vetor.jpg",
      }
    }
    style={
      {
        "borderColor": "#FFFFFF",
        "borderRadius": 90,
        "borderWidth": 1.5,
        "height": 180,
        "width": 180,
      }
    }
  />
  <Text
    style={
      {
        "color": "#FFFFFF",
        "fontSize": 20,
        "fontWeight": "bold",
      }
    }
  >
    Nome do usuário
  </Text>
  <Text
    style={
      {
        "color": "#C4C4CC",
        "fontSize": 12,
        "textAlign": "center",
      }
    }
  >
    Biografia do usuário
  </Text>
  <TextInput
    autoCapitalize="none"
    onChangeText={[Function]}
    placeholder="username"
    placeholderTextColor="#C4C4CC"
    style={
      {
        "backgroundColor": "#202024",
        "borderRadius": 8,
        "color": "#FFFFFF",
        "padding": 15,
        "width": "100%",
      }
    }
  />
  <View
    accessibilityState={
      {
        "busy": undefined,
        "checked": undefined,
        "disabled": undefined,
        "expanded": undefined,
        "selected": undefined,
      }
    }
    accessibilityValue={
      {
        "max": undefined,
        "min": undefined,
        "now": undefined,
        "text": undefined,
      }
    }
    accessible={true}
    collapsable={false}
    focusable={true}
    onClick={[Function]}
    onResponderGrant={[Function]}
    onResponderMove={[Function]}
    onResponderRelease={[Function]}
    onResponderTerminate={[Function]}
    onResponderTerminationRequest={[Function]}
    onStartShouldSetResponder={[Function]}
    style={
      {
        "alignItems": "center",
        "backgroundColor": "#00B37E",
        "borderRadius": 8,
        "justifyContent": "center",
        "opacity": 1,
        "padding": 15,
        "width": "100%",
      }
    }
  >
    <Text
      style={
        {
          "color": "#fff",
          "fontSize": 12,
          "fontWeight": "bold",
        }
      }
    >
      Pesquisar
    </Text>
  </View>
</View>
`;
