// Jest Snapshot v1, https://goo.gl/fbAQLP

exports[`Input component should be able to render component correctly 1`] = `
<TextInput
  autoCapitalize="none"
  placeholder="username"
  placeholderTextColor="#C4C4CC"
  style={
    {
      "backgroundColor": "#202024",
      "borderRadius": 8,
      "color": "#FFFFFF",
      "padding": 15,
      "width": "100%",
    }
  }
/>
`;

exports[`Input component should be able to render componente correctly 1`] = `
<TextInput
  autoCapitalize="none"
  placeholder="username"
  placeholderTextColor="#C4C4CC"
  style={
    {
      "backgroundColor": "#202024",
      "borderRadius": 8,
      "color": "#FFFFFF",
      "padding": 15,
      "width": "100%",
    }
  }
/>
`;
